
PROGRAM "C:\Documents and Settings\Administrator\×ÀÃæ\debuger1211\debug3\bin\Project.abs"

*********************************************************************************************
TARGET SECTION
---------------------------------------------------------------------------------------------
Processor   : Freescale HC12
Memory Model: BANKED
File Format : ELF\DWARF 2.0
Linker      : SmartLinker V-5.0.40 Build 10203, Jul 23 2010

*********************************************************************************************
FILE SECTION
---------------------------------------------------------------------------------------------
MC9S12XS128.c.o                         Model: BANKED,        Lang: ANSI-C
Dflash.c.o                              Model: BANKED,        Lang: ANSI-C
Display.c.o                             Model: BANKED,        Lang: ANSI-C
FAT.c.o                                 Model: BANKED,        Lang: ANSI-C
FileAccess.c.o                          Model: BANKED,        Lang: ANSI-C
generalFunction.cpp.o                   Model: BANKED,        Lang: C++
GetContent.c.o                          Model: BANKED,        Lang: ANSI-C
GPIO.c.o                                Model: BANKED,        Lang: ANSI-C
isr.c.o                                 Model: BANKED,        Lang: ANSI-C
keyboard.c.o                            Model: BANKED,        Lang: ANSI-C
LCD.c.o                                 Model: BANKED,        Lang: ANSI-C
main.c.o                                Model: BANKED,        Lang: ANSI-C
menu.c.o                                Model: BANKED,        Lang: ANSI-C
SD.c.o                                  Model: BANKED,        Lang: ANSI-C
Start12.c.o                             Model: BANKED,        Lang: ANSI-C
CTYPE.C.o (ansixb.lib)                  Model: BANKED,        Lang: ANSI-C
HEAP.C.o (ansixb.lib)                   Model: BANKED,        Lang: ANSI-C
MATH.C.o (ansixb.lib)                   Model: BANKED,        Lang: ANSI-C
STDLIB.C.o (ansixb.lib)                 Model: BANKED,        Lang: ANSI-C
STRING.C.o (ansixb.lib)                 Model: BANKED,        Lang: ANSI-C
ALLOC.C.o (ansixb.lib)                  Model: BANKED,        Lang: ANSI-C
DANSI.C.o (ansixb.lib)                  Model: BANKED,        Lang: ANSI-C
FADD.C.o (ansixb.lib)                   Model: BANKED,        Lang: ANSI-C
FANSI.C.o (ansixb.lib)                  Model: BANKED,        Lang: ANSI-C
FCMP.C.o (ansixb.lib)                   Model: BANKED,        Lang: ANSI-C
FCONV.C.o (ansixb.lib)                  Model: BANKED,        Lang: ANSI-C
FMUL.C.o (ansixb.lib)                   Model: BANKED,        Lang: ANSI-C
FREGS.C.o (ansixb.lib)                  Model: BANKED,        Lang: ANSI-C
rtshc12.c.o (ansixb.lib)                Model: BANKED,        Lang: ANSI-C
VREGS.C.o (ansixb.lib)                  Model: BANKED,        Lang: ANSI-C
MainMenu.c.o                            Model: BANKED,        Lang: ANSI-C
ParaMenu.c.o                            Model: BANKED,        Lang: ANSI-C
BackupMenu.c.o                          Model: BANKED,        Lang: ANSI-C
ConstMenu.c.o                           Model: BANKED,        Lang: ANSI-C
SCI.c.o                                 Model: BANKED,        Lang: ANSI-C
MCUInit.c.o                             Model: BANKED,        Lang: ANSI-C
Communication.c.o                       Model: BANKED,        Lang: ANSI-C
IStringS.c.o                            Model: BANKED,        Lang: ANSI-C

*********************************************************************************************
STARTUP SECTION
---------------------------------------------------------------------------------------------
Entry point: 0xC000 (_Startup)
_startupData is allocated at 0xC00F and uses 6 Bytes
extern struct _tagStartup {
  unsigned nofZeroOut     1
  _Range   pZeroOut       0x2340     7359
  _Copy    *toCopyDownBeg 0xC806
} _startupData;

*********************************************************************************************
SECTION-ALLOCATION SECTION
Section Name                    Size  Type     From       To       Segment
---------------------------------------------------------------------------------------------
.init                             15     R     0xC000     0xC00E   ROM_C000
.startData                        10     R     0xC00F     0xC018   ROM_C000
.rodata                            8     R     0xC019     0xC020   ROM_C000
.rodata1                         421     R     0xC021     0xC1C5   ROM_C000
NON_BANKED                      1600     R     0xC1C6     0xC805   ROM_C000
.copy                            123     R     0xC806     0xC880   ROM_C000
.text                          16371     R   0xFE8000   0xFEBFF2   PAGE_FE
.stack                           832   R/W     0x2000     0x233F   RAM
.data                            172   R/W     0x2340     0x23EB   RAM
.abs_section_8                     1   N/I        0x8        0x8   .absSeg0
.abs_section_9                     1   N/I        0x9        0x9   .absSeg1
.abs_section_b                     1   N/I        0xB        0xB   .absSeg2
.abs_section_c                     1   N/I        0xC        0xC   .absSeg3
.abs_section_d                     1   N/I        0xD        0xD   .absSeg4
.abs_section_10                    1   N/I       0x10       0x10   .absSeg5
.abs_section_11                    1   N/I       0x11       0x11   .absSeg6
.abs_section_13                    1   N/I       0x13       0x13   .absSeg7
.abs_section_15                    1   N/I       0x15       0x15   .absSeg8
.abs_section_16                    1   N/I       0x16       0x16   .absSeg9
.abs_section_17                    1   N/I       0x17       0x17   .absSeg10
.abs_section_1c                    1   N/I       0x1C       0x1C   .absSeg11
.abs_section_1e                    1   N/I       0x1E       0x1E   .absSeg12
.abs_section_20                    1   N/I       0x20       0x20   .absSeg13
.abs_section_21                    1   N/I       0x21       0x21   .absSeg14
.abs_section_22                    1   N/I       0x22       0x22   .absSeg15
.abs_section_23                    1   N/I       0x23       0x23   .absSeg16
.abs_section_26                    1   N/I       0x26       0x26   .absSeg17
.abs_section_27                    1   N/I       0x27       0x27   .absSeg18
.abs_section_28                    1   N/I       0x28       0x28   .absSeg19
.abs_section_29                    1   N/I       0x29       0x29   .absSeg20
.abs_section_2a                    1   N/I       0x2A       0x2A   .absSeg21
.abs_section_2b                    1   N/I       0x2B       0x2B   .absSeg22
.abs_section_2c                    1   N/I       0x2C       0x2C   .absSeg23
.abs_section_2d                    1   N/I       0x2D       0x2D   .absSeg24
.abs_section_2e                    1   N/I       0x2E       0x2E   .absSeg25
.abs_section_2f                    1   N/I       0x2F       0x2F   .absSeg26
.abs_section_32                    1   N/I       0x32       0x32   .absSeg27
.abs_section_33                    1   N/I       0x33       0x33   .absSeg28
.abs_section_34                    1   N/I       0x34       0x34   .absSeg29
.abs_section_35                    1   N/I       0x35       0x35   .absSeg30
.abs_section_36                    1   N/I       0x36       0x36   .absSeg31
.abs_section_37                    1   N/I       0x37       0x37   .absSeg32
.abs_section_38                    1   N/I       0x38       0x38   .absSeg33
.abs_section_39                    1   N/I       0x39       0x39   .absSeg34
.abs_section_3a                    1   N/I       0x3A       0x3A   .absSeg35
.abs_section_3b                    1   N/I       0x3B       0x3B   .absSeg36
.abs_section_3c                    1   N/I       0x3C       0x3C   .absSeg37
.abs_section_3f                    1   N/I       0x3F       0x3F   .absSeg38
.abs_section_40                    1   N/I       0x40       0x40   .absSeg39
.abs_section_41                    1   N/I       0x41       0x41   .absSeg40
.abs_section_42                    1   N/I       0x42       0x42   .absSeg41
.abs_section_43                    1   N/I       0x43       0x43   .absSeg42
.abs_section_46                    1   N/I       0x46       0x46   .absSeg43
.abs_section_47                    1   N/I       0x47       0x47   .absSeg44
.abs_section_48                    1   N/I       0x48       0x48   .absSeg45
.abs_section_49                    1   N/I       0x49       0x49   .absSeg46
.abs_section_4a                    1   N/I       0x4A       0x4A   .absSeg47
.abs_section_4b                    1   N/I       0x4B       0x4B   .absSeg48
.abs_section_4c                    1   N/I       0x4C       0x4C   .absSeg49
.abs_section_4d                    1   N/I       0x4D       0x4D   .absSeg50
.abs_section_4e                    1   N/I       0x4E       0x4E   .absSeg51
.abs_section_4f                    1   N/I       0x4F       0x4F   .absSeg52
.abs_section_60                    1   N/I       0x60       0x60   .absSeg53
.abs_section_61                    1   N/I       0x61       0x61   .absSeg54
.abs_section_6c                    1   N/I       0x6C       0x6C   .absSeg55
.abs_section_6e                    1   N/I       0x6E       0x6E   .absSeg56
.abs_section_ca                    1   N/I       0xCA       0xCA   .absSeg57
.abs_section_cb                    1   N/I       0xCB       0xCB   .absSeg58
.abs_section_cc                    1   N/I       0xCC       0xCC   .absSeg59
.abs_section_cd                    1   N/I       0xCD       0xCD   .absSeg60
.abs_section_ce                    1   N/I       0xCE       0xCE   .absSeg61
.abs_section_cf                    1   N/I       0xCF       0xCF   .absSeg62
.abs_section_d2                    1   N/I       0xD2       0xD2   .absSeg63
.abs_section_d3                    1   N/I       0xD3       0xD3   .absSeg64
.abs_section_d4                    1   N/I       0xD4       0xD4   .absSeg65
.abs_section_d5                    1   N/I       0xD5       0xD5   .absSeg66
.abs_section_d6                    1   N/I       0xD6       0xD6   .absSeg67
.abs_section_d7                    1   N/I       0xD7       0xD7   .absSeg68
.abs_section_d8                    1   N/I       0xD8       0xD8   .absSeg69
.abs_section_d9                    1   N/I       0xD9       0xD9   .absSeg70
.abs_section_da                    1   N/I       0xDA       0xDA   .absSeg71
.abs_section_db                    1   N/I       0xDB       0xDB   .absSeg72
.abs_section_100                   1   N/I      0x100      0x100   .absSeg73
.abs_section_101                   1   N/I      0x101      0x101   .absSeg74
.abs_section_102                   1   N/I      0x102      0x102   .absSeg75
.abs_section_103                   1   N/I      0x103      0x103   .absSeg76
.abs_section_104                   1   N/I      0x104      0x104   .absSeg77
.abs_section_105                   1   N/I      0x105      0x105   .absSeg78
.abs_section_106                   1   N/I      0x106      0x106   .absSeg79
.abs_section_107                   1   N/I      0x107      0x107   .absSeg80
.abs_section_108                   1   N/I      0x108      0x108   .absSeg81
.abs_section_109                   1   N/I      0x109      0x109   .absSeg82
.abs_section_110                   1   N/I      0x110      0x110   .absSeg83
.abs_section_121                   1   N/I      0x121      0x121   .absSeg84
.abs_section_126                   1   N/I      0x126      0x126   .absSeg85
.abs_section_127                   1   N/I      0x127      0x127   .absSeg86
.abs_section_128                   1   N/I      0x128      0x128   .absSeg87
.abs_section_129                   1   N/I      0x129      0x129   .absSeg88
.abs_section_12a                   1   N/I      0x12A      0x12A   .absSeg89
.abs_section_12b                   1   N/I      0x12B      0x12B   .absSeg90
.abs_section_12c                   1   N/I      0x12C      0x12C   .absSeg91
.abs_section_12d                   1   N/I      0x12D      0x12D   .absSeg92
.abs_section_12e                   1   N/I      0x12E      0x12E   .absSeg93
.abs_section_12f                   1   N/I      0x12F      0x12F   .absSeg94
.abs_section_140                   1   N/I      0x140      0x140   .absSeg95
.abs_section_141                   1   N/I      0x141      0x141   .absSeg96
.abs_section_142                   1   N/I      0x142      0x142   .absSeg97
.abs_section_143                   1   N/I      0x143      0x143   .absSeg98
.abs_section_144                   1   N/I      0x144      0x144   .absSeg99
.abs_section_145                   1   N/I      0x145      0x145   .absSeg100
.abs_section_146                   1   N/I      0x146      0x146   .absSeg101
.abs_section_147                   1   N/I      0x147      0x147   .absSeg102
.abs_section_148                   1   N/I      0x148      0x148   .absSeg103
.abs_section_149                   1   N/I      0x149      0x149   .absSeg104
.abs_section_14a                   1   N/I      0x14A      0x14A   .absSeg105
.abs_section_14b                   1   N/I      0x14B      0x14B   .absSeg106
.abs_section_14d                   1   N/I      0x14D      0x14D   .absSeg107
.abs_section_14e                   1   N/I      0x14E      0x14E   .absSeg108
.abs_section_14f                   1   N/I      0x14F      0x14F   .absSeg109
.abs_section_150                   1   N/I      0x150      0x150   .absSeg110
.abs_section_151                   1   N/I      0x151      0x151   .absSeg111
.abs_section_152                   1   N/I      0x152      0x152   .absSeg112
.abs_section_153                   1   N/I      0x153      0x153   .absSeg113
.abs_section_154                   1   N/I      0x154      0x154   .absSeg114
.abs_section_155                   1   N/I      0x155      0x155   .absSeg115
.abs_section_156                   1   N/I      0x156      0x156   .absSeg116
.abs_section_157                   1   N/I      0x157      0x157   .absSeg117
.abs_section_158                   1   N/I      0x158      0x158   .absSeg118
.abs_section_159                   1   N/I      0x159      0x159   .absSeg119
.abs_section_15a                   1   N/I      0x15A      0x15A   .absSeg120
.abs_section_15b                   1   N/I      0x15B      0x15B   .absSeg121
.abs_section_15c                   1   N/I      0x15C      0x15C   .absSeg122
.abs_section_15d                   1   N/I      0x15D      0x15D   .absSeg123
.abs_section_15e                   1   N/I      0x15E      0x15E   .absSeg124
.abs_section_15f                   1   N/I      0x15F      0x15F   .absSeg125
.abs_section_160                   1   N/I      0x160      0x160   .absSeg126
.abs_section_161                   1   N/I      0x161      0x161   .absSeg127
.abs_section_162                   1   N/I      0x162      0x162   .absSeg128
.abs_section_163                   1   N/I      0x163      0x163   .absSeg129
.abs_section_164                   1   N/I      0x164      0x164   .absSeg130
.abs_section_165                   1   N/I      0x165      0x165   .absSeg131
.abs_section_166                   1   N/I      0x166      0x166   .absSeg132
.abs_section_167                   1   N/I      0x167      0x167   .absSeg133
.abs_section_168                   1   N/I      0x168      0x168   .absSeg134
.abs_section_169                   1   N/I      0x169      0x169   .absSeg135
.abs_section_16a                   1   N/I      0x16A      0x16A   .absSeg136
.abs_section_16b                   1   N/I      0x16B      0x16B   .absSeg137
.abs_section_16c                   1   N/I      0x16C      0x16C   .absSeg138
.abs_section_170                   1   N/I      0x170      0x170   .absSeg139
.abs_section_171                   1   N/I      0x171      0x171   .absSeg140
.abs_section_172                   1   N/I      0x172      0x172   .absSeg141
.abs_section_173                   1   N/I      0x173      0x173   .absSeg142
.abs_section_174                   1   N/I      0x174      0x174   .absSeg143
.abs_section_175                   1   N/I      0x175      0x175   .absSeg144
.abs_section_176                   1   N/I      0x176      0x176   .absSeg145
.abs_section_177                   1   N/I      0x177      0x177   .absSeg146
.abs_section_178                   1   N/I      0x178      0x178   .absSeg147
.abs_section_179                   1   N/I      0x179      0x179   .absSeg148
.abs_section_17a                   1   N/I      0x17A      0x17A   .absSeg149
.abs_section_17b                   1   N/I      0x17B      0x17B   .absSeg150
.abs_section_17c                   1   N/I      0x17C      0x17C   .absSeg151
.abs_section_17d                   1   N/I      0x17D      0x17D   .absSeg152
.abs_section_240                   1   N/I      0x240      0x240   .absSeg153
.abs_section_241                   1   N/I      0x241      0x241   .absSeg154
.abs_section_242                   1   N/I      0x242      0x242   .absSeg155
.abs_section_243                   1   N/I      0x243      0x243   .absSeg156
.abs_section_244                   1   N/I      0x244      0x244   .absSeg157
.abs_section_245                   1   N/I      0x245      0x245   .absSeg158
.abs_section_247                   1   N/I      0x247      0x247   .absSeg159
.abs_section_248                   1   N/I      0x248      0x248   .absSeg160
.abs_section_249                   1   N/I      0x249      0x249   .absSeg161
.abs_section_24a                   1   N/I      0x24A      0x24A   .absSeg162
.abs_section_24b                   1   N/I      0x24B      0x24B   .absSeg163
.abs_section_24c                   1   N/I      0x24C      0x24C   .absSeg164
.abs_section_24d                   1   N/I      0x24D      0x24D   .absSeg165
.abs_section_24e                   1   N/I      0x24E      0x24E   .absSeg166
.abs_section_250                   1   N/I      0x250      0x250   .absSeg167
.abs_section_251                   1   N/I      0x251      0x251   .absSeg168
.abs_section_252                   1   N/I      0x252      0x252   .absSeg169
.abs_section_253                   1   N/I      0x253      0x253   .absSeg170
.abs_section_254                   1   N/I      0x254      0x254   .absSeg171
.abs_section_255                   1   N/I      0x255      0x255   .absSeg172
.abs_section_256                   1   N/I      0x256      0x256   .absSeg173
.abs_section_257                   1   N/I      0x257      0x257   .absSeg174
.abs_section_258                   1   N/I      0x258      0x258   .absSeg175
.abs_section_259                   1   N/I      0x259      0x259   .absSeg176
.abs_section_25a                   1   N/I      0x25A      0x25A   .absSeg177
.abs_section_25b                   1   N/I      0x25B      0x25B   .absSeg178
.abs_section_25c                   1   N/I      0x25C      0x25C   .absSeg179
.abs_section_25d                   1   N/I      0x25D      0x25D   .absSeg180
.abs_section_25e                   1   N/I      0x25E      0x25E   .absSeg181
.abs_section_25f                   1   N/I      0x25F      0x25F   .absSeg182
.abs_section_260                   1   N/I      0x260      0x260   .absSeg183
.abs_section_261                   1   N/I      0x261      0x261   .absSeg184
.abs_section_262                   1   N/I      0x262      0x262   .absSeg185
.abs_section_263                   1   N/I      0x263      0x263   .absSeg186
.abs_section_264                   1   N/I      0x264      0x264   .absSeg187
.abs_section_265                   1   N/I      0x265      0x265   .absSeg188
.abs_section_266                   1   N/I      0x266      0x266   .absSeg189
.abs_section_267                   1   N/I      0x267      0x267   .absSeg190
.abs_section_268                   1   N/I      0x268      0x268   .absSeg191
.abs_section_269                   1   N/I      0x269      0x269   .absSeg192
.abs_section_26a                   1   N/I      0x26A      0x26A   .absSeg193
.abs_section_26b                   1   N/I      0x26B      0x26B   .absSeg194
.abs_section_26c                   1   N/I      0x26C      0x26C   .absSeg195
.abs_section_26d                   1   N/I      0x26D      0x26D   .absSeg196
.abs_section_26e                   1   N/I      0x26E      0x26E   .absSeg197
.abs_section_26f                   1   N/I      0x26F      0x26F   .absSeg198
.abs_section_2c6                   1   N/I      0x2C6      0x2C6   .absSeg199
.abs_section_2f0                   1   N/I      0x2F0      0x2F0   .absSeg200
.abs_section_2f1                   1   N/I      0x2F1      0x2F1   .absSeg201
.abs_section_2f2                   1   N/I      0x2F2      0x2F2   .absSeg202
.abs_section_2f3                   1   N/I      0x2F3      0x2F3   .absSeg203
.abs_section_2f7                   1   N/I      0x2F7      0x2F7   .absSeg204
.abs_section_300                   1   N/I      0x300      0x300   .absSeg205
.abs_section_301                   1   N/I      0x301      0x301   .absSeg206
.abs_section_302                   1   N/I      0x302      0x302   .absSeg207
.abs_section_303                   1   N/I      0x303      0x303   .absSeg208
.abs_section_304                   1   N/I      0x304      0x304   .absSeg209
.abs_section_305                   1   N/I      0x305      0x305   .absSeg210
.abs_section_308                   1   N/I      0x308      0x308   .absSeg211
.abs_section_309                   1   N/I      0x309      0x309   .absSeg212
.abs_section_324                   1   N/I      0x324      0x324   .absSeg213
.abs_section_340                   1   N/I      0x340      0x340   .absSeg214
.abs_section_341                   1   N/I      0x341      0x341   .absSeg215
.abs_section_342                   1   N/I      0x342      0x342   .absSeg216
.abs_section_343                   1   N/I      0x343      0x343   .absSeg217
.abs_section_344                   1   N/I      0x344      0x344   .absSeg218
.abs_section_345                   1   N/I      0x345      0x345   .absSeg219
.abs_section_346                   1   N/I      0x346      0x346   .absSeg220
.abs_section_347                   1   N/I      0x347      0x347   .absSeg221
.abs_section_0                     2   N/I        0x0        0x1   .absSeg222
.abs_section_2                     2   N/I        0x2        0x3   .absSeg223
.abs_section_1a                    2   N/I       0x1A       0x1B   .absSeg224
.abs_section_24                    2   N/I       0x24       0x25   .absSeg225
.abs_section_44                    2   N/I       0x44       0x45   .absSeg226
.abs_section_50                    2   N/I       0x50       0x51   .absSeg227
.abs_section_52                    2   N/I       0x52       0x53   .absSeg228
.abs_section_54                    2   N/I       0x54       0x55   .absSeg229
.abs_section_56                    2   N/I       0x56       0x57   .absSeg230
.abs_section_58                    2   N/I       0x58       0x59   .absSeg231
.abs_section_5a                    2   N/I       0x5A       0x5B   .absSeg232
.abs_section_5c                    2   N/I       0x5C       0x5D   .absSeg233
.abs_section_5e                    2   N/I       0x5E       0x5F   .absSeg234
.abs_section_62                    2   N/I       0x62       0x63   .absSeg235
.abs_section_c8                    2   N/I       0xC8       0xC9   .absSeg236
.abs_section_d0                    2   N/I       0xD0       0xD1   .absSeg237
.abs_section_dc                    2   N/I       0xDC       0xDD   .absSeg238
.abs_section_10a                   2   N/I      0x10A      0x10B   .absSeg239
.abs_section_10e                   2   N/I      0x10E      0x10F   .absSeg240
.abs_section_16e                   2   N/I      0x16E      0x16F   .absSeg241
.abs_section_17e                   2   N/I      0x17E      0x17F   .absSeg242
.abs_section_270                   2   N/I      0x270      0x271   .absSeg243
.abs_section_272                   2   N/I      0x272      0x273   .absSeg244
.abs_section_274                   2   N/I      0x274      0x275   .absSeg245
.abs_section_276                   2   N/I      0x276      0x277   .absSeg246
.abs_section_2c0                   2   N/I      0x2C0      0x2C1   .absSeg247
.abs_section_2c2                   2   N/I      0x2C2      0x2C3   .absSeg248
.abs_section_2c4                   2   N/I      0x2C4      0x2C5   .absSeg249
.abs_section_2c8                   2   N/I      0x2C8      0x2C9   .absSeg250
.abs_section_2ca                   2   N/I      0x2CA      0x2CB   .absSeg251
.abs_section_2cc                   2   N/I      0x2CC      0x2CD   .absSeg252
.abs_section_2ce                   2   N/I      0x2CE      0x2CF   .absSeg253
.abs_section_2d0                   2   N/I      0x2D0      0x2D1   .absSeg254
.abs_section_2d2                   2   N/I      0x2D2      0x2D3   .absSeg255
.abs_section_2d4                   2   N/I      0x2D4      0x2D5   .absSeg256
.abs_section_2d6                   2   N/I      0x2D6      0x2D7   .absSeg257
.abs_section_2d8                   2   N/I      0x2D8      0x2D9   .absSeg258
.abs_section_2da                   2   N/I      0x2DA      0x2DB   .absSeg259
.abs_section_2dc                   2   N/I      0x2DC      0x2DD   .absSeg260
.abs_section_2de                   2   N/I      0x2DE      0x2DF   .absSeg261
.abs_section_2e0                   2   N/I      0x2E0      0x2E1   .absSeg262
.abs_section_2e2                   2   N/I      0x2E2      0x2E3   .absSeg263
.abs_section_2e4                   2   N/I      0x2E4      0x2E5   .absSeg264
.abs_section_2e6                   2   N/I      0x2E6      0x2E7   .absSeg265
.abs_section_2e8                   2   N/I      0x2E8      0x2E9   .absSeg266
.abs_section_2ea                   2   N/I      0x2EA      0x2EB   .absSeg267
.abs_section_2ec                   2   N/I      0x2EC      0x2ED   .absSeg268
.abs_section_2ee                   2   N/I      0x2EE      0x2EF   .absSeg269
.abs_section_2f4                   2   N/I      0x2F4      0x2F5   .absSeg270
.abs_section_30c                   2   N/I      0x30C      0x30D   .absSeg271
.abs_section_30e                   2   N/I      0x30E      0x30F   .absSeg272
.abs_section_310                   2   N/I      0x310      0x311   .absSeg273
.abs_section_312                   2   N/I      0x312      0x313   .absSeg274
.abs_section_314                   2   N/I      0x314      0x315   .absSeg275
.abs_section_316                   2   N/I      0x316      0x317   .absSeg276
.abs_section_318                   2   N/I      0x318      0x319   .absSeg277
.abs_section_31a                   2   N/I      0x31A      0x31B   .absSeg278
.abs_section_31c                   2   N/I      0x31C      0x31D   .absSeg279
.abs_section_31e                   2   N/I      0x31E      0x31F   .absSeg280
.abs_section_320                   2   N/I      0x320      0x321   .absSeg281
.abs_section_322                   2   N/I      0x322      0x323   .absSeg282
.abs_section_348                   2   N/I      0x348      0x349   .absSeg283
.abs_section_34a                   2   N/I      0x34A      0x34B   .absSeg284
.abs_section_34c                   2   N/I      0x34C      0x34D   .absSeg285
.abs_section_34e                   2   N/I      0x34E      0x34F   .absSeg286
.abs_section_350                   2   N/I      0x350      0x351   .absSeg287
.abs_section_352                   2   N/I      0x352      0x353   .absSeg288
.abs_section_354                   2   N/I      0x354      0x355   .absSeg289
.abs_section_356                   2   N/I      0x356      0x357   .absSeg290
.abs_section_ff10                234     R     0xFF10     0xFFF9   .absSeg291
.bss                               7   R/W     0x23EC     0x23F2   RAM
.common                         5180   R/W     0x23F3     0x382E   RAM
HEAP_SEGMENT                    2000   R/W     0x382F     0x3FFE   RAM
PAGE_FC_292                     3805     R   0xFC8000   0xFC8EDC   PAGE_FC
.vectSeg293_vect                   2     R     0xFFFE     0xFFFF   .vectSeg293

Summary of section sizes per section type:
READ_ONLY (R):        583D (dec:    22589)
READ_WRITE (R/W):     1FFF (dec:     8191)
NO_INIT (N/I):         168 (dec:      360)

*********************************************************************************************
VECTOR-ALLOCATION SECTION
    Address     InitValue   InitFunction
---------------------------------------------------------------------------------------------
     0xFFFE        0xC000   _Startup

*********************************************************************************************
OBJECT-ALLOCATION SECTION
     Name               Module                 Addr   hSize   dSize     Ref    Section   RLIB
---------------------------------------------------------------------------------------------
MODULE:                 -- MC9S12XS128.c.o --
- PROCEDURES:
- VARIABLES:
     _PORTE                                       8       1       1       0   .abs_section_8
     _DDRE                                        9       1       1       0   .abs_section_9
     _MODE                                        B       1       1       0   .abs_section_b
     _PUCR                                        C       1       1       3   .abs_section_c
     _RDRIV                                       D       1       1       3   .abs_section_d
     _GPAGE                                      10       1       1       0   .abs_section_10
     _DIRECT                                     11       1       1       0   .abs_section_11
     _MMCCTL1                                    13       1       1       0   .abs_section_13
     _PPAGE                                      15       1       1       0   .abs_section_15
     _RPAGE                                      16       1       1       0   .abs_section_16
     _EPAGE                                      17       1       1       3   .abs_section_17
     _ECLKCTL                                    1C       1       1       0   .abs_section_1c
     _IRQCR                                      1E       1       1       1   .abs_section_1e
     _DBGC1                                      20       1       1       0   .abs_section_20
     _DBGSR                                      21       1       1       0   .abs_section_21
     _DBGTCR                                     22       1       1       0   .abs_section_22
     _DBGC2                                      23       1       1       0   .abs_section_23
     _DBGCNT                                     26       1       1       0   .abs_section_26
     _DBGSCRX                                    27       1       1       0   .abs_section_27
     _DBGXCTL                                    28       1       1       0   .abs_section_28
     _DBGXAH                                     29       1       1       0   .abs_section_29
     _DBGXAM                                     2A       1       1       0   .abs_section_2a
     _DBGXAL                                     2B       1       1       0   .abs_section_2b
     _DBGXDH                                     2C       1       1       0   .abs_section_2c
     _DBGXDL                                     2D       1       1       0   .abs_section_2d
     _DBGXDHM                                    2E       1       1       0   .abs_section_2e
     _DBGXDLM                                    2F       1       1       0   .abs_section_2f
     _PORTK                                      32       1       1      16   .abs_section_32
     _DDRK                                       33       1       1       0   .abs_section_33
     _SYNR                                       34       1       1       2   .abs_section_34
     _REFDV                                      35       1       1       2   .abs_section_35
     _POSTDIV                                    36       1       1       2   .abs_section_36
     _CRGFLG                                     37       1       1       2   .abs_section_37
     _CRGINT                                     38       1       1       0   .abs_section_38
     _CLKSEL                                     39       1       1       4   .abs_section_39
     _PLLCTL                                     3A       1       1       2   .abs_section_3a
     _RTICTL                                     3B       1       1       0   .abs_section_3b
     _COPCTL                                     3C       1       1       1   .abs_section_3c
     _ARMCOP                                     3F       1       1       0   .abs_section_3f
     _TIOS                                       40       1       1       0   .abs_section_40
     _CFORC                                      41       1       1       0   .abs_section_41
     _OC7M                                       42       1       1       0   .abs_section_42
     _OC7D                                       43       1       1       0   .abs_section_43
     _TSCR1                                      46       1       1       0   .abs_section_46
     _TTOV                                       47       1       1       0   .abs_section_47
     _TCTL1                                      48       1       1       0   .abs_section_48
     _TCTL2                                      49       1       1       0   .abs_section_49
     _TCTL3                                      4A       1       1       0   .abs_section_4a
     _TCTL4                                      4B       1       1       0   .abs_section_4b
     _TIE                                        4C       1       1       0   .abs_section_4c
     _TSCR2                                      4D       1       1       0   .abs_section_4d
     _TFLG1                                      4E       1       1       0   .abs_section_4e
     _TFLG2                                      4F       1       1       0   .abs_section_4f
     _PACTL                                      60       1       1       0   .abs_section_60
     _PAFLG                                      61       1       1       0   .abs_section_61
     _OCPD                                       6C       1       1       0   .abs_section_6c
     _PTPSR                                      6E       1       1       0   .abs_section_6e
     _SCI0ACR2                                   CA       1       1       1   .abs_section_ca
     _SCI0CR2                                    CB       1       1       2   .abs_section_cb
     _SCI0SR1                                    CC       1       1       3   .abs_section_cc
     _SCI0SR2                                    CD       1       1       0   .abs_section_cd
     _SCI0DRH                                    CE       1       1       0   .abs_section_ce
     _SCI0DRL                                    CF       1       1       3   .abs_section_cf
     _SCI1ACR2                                   D2       1       1       1   .abs_section_d2
     _SCI1CR2                                    D3       1       1       1   .abs_section_d3
     _SCI1SR1                                    D4       1       1       3   .abs_section_d4
     _SCI1SR2                                    D5       1       1       0   .abs_section_d5
     _SCI1DRH                                    D6       1       1       0   .abs_section_d6
     _SCI1DRL                                    D7       1       1       3   .abs_section_d7
     _SPI0CR1                                    D8       1       1       1   .abs_section_d8
     _SPI0CR2                                    D9       1       1       1   .abs_section_d9
     _SPI0BR                                     DA       1       1       2   .abs_section_da
     _SPI0SR                                     DB       1       1       2   .abs_section_db
     _FCLKDIV                                   100       1       1       2   .abs_section_100
     _FSEC                                      101       1       1       0   .abs_section_101
     _FCCOBIX                                   102       1       1       8   .abs_section_102
     _FECCRIX                                   103       1       1       0   .abs_section_103
     _FCNFG                                     104       1       1       1   .abs_section_104
     _FERCNFG                                   105       1       1       0   .abs_section_105
     _FSTAT                                     106       1       1      15   .abs_section_106
     _FERSTAT                                   107       1       1       0   .abs_section_107
     _FPROT                                     108       1       1       0   .abs_section_108
     _DFPROT                                    109       1       1       0   .abs_section_109
     _FOPT                                      110       1       1       0   .abs_section_110
     _IVBR                                      121       1       1       0   .abs_section_121
     _INT_XGPRIO                                126       1       1       0   .abs_section_126
     _INT_CFADDR                                127       1       1       0   .abs_section_127
     _INT_CFDATA0                               128       1       1       0   .abs_section_128
     _INT_CFDATA1                               129       1       1       0   .abs_section_129
     _INT_CFDATA2                               12A       1       1       0   .abs_section_12a
     _INT_CFDATA3                               12B       1       1       0   .abs_section_12b
     _INT_CFDATA4                               12C       1       1       0   .abs_section_12c
     _INT_CFDATA5                               12D       1       1       0   .abs_section_12d
     _INT_CFDATA6                               12E       1       1       0   .abs_section_12e
     _INT_CFDATA7                               12F       1       1       0   .abs_section_12f
     _CAN0CTL0                                  140       1       1       0   .abs_section_140
     _CAN0CTL1                                  141       1       1       0   .abs_section_141
     _CAN0BTR0                                  142       1       1       0   .abs_section_142
     _CAN0BTR1                                  143       1       1       0   .abs_section_143
     _CAN0RFLG                                  144       1       1       0   .abs_section_144
     _CAN0RIER                                  145       1       1       0   .abs_section_145
     _CAN0TFLG                                  146       1       1       0   .abs_section_146
     _CAN0TIER                                  147       1       1       0   .abs_section_147
     _CAN0TARQ                                  148       1       1       0   .abs_section_148
     _CAN0TAAK                                  149       1       1       0   .abs_section_149
     _CAN0TBSEL                                 14A       1       1       0   .abs_section_14a
     _CAN0IDAC                                  14B       1       1       0   .abs_section_14b
     _CAN0MISC                                  14D       1       1       0   .abs_section_14d
     _CAN0RXERR                                 14E       1       1       0   .abs_section_14e
     _CAN0TXERR                                 14F       1       1       0   .abs_section_14f
     _CAN0IDAR0                                 150       1       1       0   .abs_section_150
     _CAN0IDAR1                                 151       1       1       0   .abs_section_151
     _CAN0IDAR2                                 152       1       1       0   .abs_section_152
     _CAN0IDAR3                                 153       1       1       0   .abs_section_153
     _CAN0IDMR0                                 154       1       1       0   .abs_section_154
     _CAN0IDMR1                                 155       1       1       0   .abs_section_155
     _CAN0IDMR2                                 156       1       1       0   .abs_section_156
     _CAN0IDMR3                                 157       1       1       0   .abs_section_157
     _CAN0IDAR4                                 158       1       1       0   .abs_section_158
     _CAN0IDAR5                                 159       1       1       0   .abs_section_159
     _CAN0IDAR6                                 15A       1       1       0   .abs_section_15a
     _CAN0IDAR7                                 15B       1       1       0   .abs_section_15b
     _CAN0IDMR4                                 15C       1       1       0   .abs_section_15c
     _CAN0IDMR5                                 15D       1       1       0   .abs_section_15d
     _CAN0IDMR6                                 15E       1       1       0   .abs_section_15e
     _CAN0IDMR7                                 15F       1       1       0   .abs_section_15f
     _CAN0RXIDR0                                160       1       1       0   .abs_section_160
     _CAN0RXIDR1                                161       1       1       0   .abs_section_161
     _CAN0RXIDR2                                162       1       1       0   .abs_section_162
     _CAN0RXIDR3                                163       1       1       0   .abs_section_163
     _CAN0RXDSR0                                164       1       1       0   .abs_section_164
     _CAN0RXDSR1                                165       1       1       0   .abs_section_165
     _CAN0RXDSR2                                166       1       1       0   .abs_section_166
     _CAN0RXDSR3                                167       1       1       0   .abs_section_167
     _CAN0RXDSR4                                168       1       1       0   .abs_section_168
     _CAN0RXDSR5                                169       1       1       0   .abs_section_169
     _CAN0RXDSR6                                16A       1       1       0   .abs_section_16a
     _CAN0RXDSR7                                16B       1       1       0   .abs_section_16b
     _CAN0RXDLR                                 16C       1       1       0   .abs_section_16c
     _CAN0TXIDR0                                170       1       1       0   .abs_section_170
     _CAN0TXIDR1                                171       1       1       0   .abs_section_171
     _CAN0TXIDR2                                172       1       1       0   .abs_section_172
     _CAN0TXIDR3                                173       1       1       0   .abs_section_173
     _CAN0TXDSR0                                174       1       1       0   .abs_section_174
     _CAN0TXDSR1                                175       1       1       0   .abs_section_175
     _CAN0TXDSR2                                176       1       1       0   .abs_section_176
     _CAN0TXDSR3                                177       1       1       0   .abs_section_177
     _CAN0TXDSR4                                178       1       1       0   .abs_section_178
     _CAN0TXDSR5                                179       1       1       0   .abs_section_179
     _CAN0TXDSR6                                17A       1       1       0   .abs_section_17a
     _CAN0TXDSR7                                17B       1       1       0   .abs_section_17b
     _CAN0TXDLR                                 17C       1       1       0   .abs_section_17c
     _CAN0TXTBPR                                17D       1       1       0   .abs_section_17d
     _PTT                                       240       1       1       0   .abs_section_240
     _PTIT                                      241       1       1       0   .abs_section_241
     _DDRT                                      242       1       1       0   .abs_section_242
     _RDRT                                      243       1       1       0   .abs_section_243
     _PERT                                      244       1       1       0   .abs_section_244
     _PPST                                      245       1       1       0   .abs_section_245
     _PTTRR                                     247       1       1       0   .abs_section_247
     _PTS                                       248       1       1       8   .abs_section_248
     _PTIS                                      249       1       1       0   .abs_section_249
     _DDRS                                      24A       1       1       1   .abs_section_24a
     _RDRS                                      24B       1       1       0   .abs_section_24b
     _PERS                                      24C       1       1       0   .abs_section_24c
     _PPSS                                      24D       1       1       0   .abs_section_24d
     _WOMS                                      24E       1       1       0   .abs_section_24e
     _PTM                                       250       1       1       0   .abs_section_250
     _PTIM                                      251       1       1       0   .abs_section_251
     _DDRM                                      252       1       1       0   .abs_section_252
     _RDRM                                      253       1       1       0   .abs_section_253
     _PERM                                      254       1       1       0   .abs_section_254
     _PPSM                                      255       1       1       0   .abs_section_255
     _WOMM                                      256       1       1       0   .abs_section_256
     _MODRR                                     257       1       1       2   .abs_section_257
     _PTP                                       258       1       1       1   .abs_section_258
     _PTIP                                      259       1       1       0   .abs_section_259
     _DDRP                                      25A       1       1       1   .abs_section_25a
     _RDRP                                      25B       1       1       0   .abs_section_25b
     _PERP                                      25C       1       1       0   .abs_section_25c
     _PPSP                                      25D       1       1       0   .abs_section_25d
     _PIEP                                      25E       1       1       0   .abs_section_25e
     _PIFP                                      25F       1       1       0   .abs_section_25f
     _PTH                                       260       1       1       5   .abs_section_260
     _PTIH                                      261       1       1       1   .abs_section_261
     _DDRH                                      262       1       1       0   .abs_section_262
     _RDRH                                      263       1       1       0   .abs_section_263
     _PERH                                      264       1       1       1   .abs_section_264
     _PPSH                                      265       1       1       1   .abs_section_265
     _PIEH                                      266       1       1       2   .abs_section_266
     _PIFH                                      267       1       1       1   .abs_section_267
     _PTJ                                       268       1       1       0   .abs_section_268
     _PTIJ                                      269       1       1       0   .abs_section_269
     _DDRJ                                      26A       1       1       0   .abs_section_26a
     _RDRJ                                      26B       1       1       0   .abs_section_26b
     _PERJ                                      26C       1       1       0   .abs_section_26c
     _PPSJ                                      26D       1       1       0   .abs_section_26d
     _PIEJ                                      26E       1       1       0   .abs_section_26e
     _PIFJ                                      26F       1       1       0   .abs_section_26f
     _ATD0STAT0                                 2C6       1       1       0   .abs_section_2c6
     _VREGHTCL                                  2F0       1       1       0   .abs_section_2f0
     _VREGCTRL                                  2F1       1       1       0   .abs_section_2f1
     _VREGAPICL                                 2F2       1       1       0   .abs_section_2f2
     _VREGAPITR                                 2F3       1       1       0   .abs_section_2f3
     _VREGHTTR                                  2F7       1       1       0   .abs_section_2f7
     _PWME                                      300       1       1       0   .abs_section_300
     _PWMPOL                                    301       1       1       0   .abs_section_301
     _PWMCLK                                    302       1       1       0   .abs_section_302
     _PWMPRCLK                                  303       1       1       0   .abs_section_303
     _PWMCAE                                    304       1       1       0   .abs_section_304
     _PWMCTL                                    305       1       1       0   .abs_section_305
     _PWMSCLA                                   308       1       1       0   .abs_section_308
     _PWMSCLB                                   309       1       1       0   .abs_section_309
     _PWMSDN                                    324       1       1       0   .abs_section_324
     _PITCFLMT                                  340       1       1       0   .abs_section_340
     _PITFLT                                    341       1       1       0   .abs_section_341
     _PITCE                                     342       1       1       0   .abs_section_342
     _PITMUX                                    343       1       1       0   .abs_section_343
     _PITINTE                                   344       1       1       0   .abs_section_344
     _PITTF                                     345       1       1       0   .abs_section_345
     _PITMTLD0                                  346       1       1       0   .abs_section_346
     _PITMTLD1                                  347       1       1       0   .abs_section_347
     _PORTAB                                      0       2       2       4   .abs_section_0
     _DDRAB                                       2       2       2       3   .abs_section_2
     _PARTID                                     1A       2       2       0   .abs_section_1a
     _DBGTB                                      24       2       2       0   .abs_section_24
     _TCNT                                       44       2       2       0   .abs_section_44
     _TC0                                        50       2       2       0   .abs_section_50
     _TC1                                        52       2       2       0   .abs_section_52
     _TC2                                        54       2       2       0   .abs_section_54
     _TC3                                        56       2       2       0   .abs_section_56
     _TC4                                        58       2       2       0   .abs_section_58
     _TC5                                        5A       2       2       0   .abs_section_5a
     _TC6                                        5C       2       2       0   .abs_section_5c
     _TC7                                        5E       2       2       0   .abs_section_5e
     _PACNT                                      62       2       2       0   .abs_section_62
     _SCI0BD                                     C8       2       2       4   .abs_section_c8
     _SCI1BD                                     D0       2       2       2   .abs_section_d0
     _SPI0DR                                     DC       2       2       2   .abs_section_dc
     _FCCOB                                     10A       2       2       4   .abs_section_10a
     _FECCR                                     10E       2       2       0   .abs_section_10e
     _CAN0RXTSR                                 16E       2       2       0   .abs_section_16e
     _CAN0TXTSR                                 17E       2       2       0   .abs_section_17e
     _PT01AD0                                   270       2       2       5   .abs_section_270
     _DDR01AD0                                  272       2       2       0   .abs_section_272
     _RDR01AD0                                  274       2       2       0   .abs_section_274
     _PER01AD0                                  276       2       2       0   .abs_section_276
     _ATD0CTL01                                 2C0       2       2       0   .abs_section_2c0
     _ATD0CTL23                                 2C2       2       2       0   .abs_section_2c2
     _ATD0CTL45                                 2C4       2       2       0   .abs_section_2c4
     _ATD0CMPE                                  2C8       2       2       0   .abs_section_2c8
     _ATD0STAT2                                 2CA       2       2       0   .abs_section_2ca
     _ATD0DIEN                                  2CC       2       2       1   .abs_section_2cc
     _ATD0CMPHT                                 2CE       2       2       0   .abs_section_2ce
     _ATD0DR0                                   2D0       2       2       0   .abs_section_2d0
     _ATD0DR1                                   2D2       2       2       0   .abs_section_2d2
     _ATD0DR2                                   2D4       2       2       0   .abs_section_2d4
     _ATD0DR3                                   2D6       2       2       0   .abs_section_2d6
     _ATD0DR4                                   2D8       2       2       0   .abs_section_2d8
     _ATD0DR5                                   2DA       2       2       0   .abs_section_2da
     _ATD0DR6                                   2DC       2       2       0   .abs_section_2dc
     _ATD0DR7                                   2DE       2       2       0   .abs_section_2de
     _ATD0DR8                                   2E0       2       2       0   .abs_section_2e0
     _ATD0DR9                                   2E2       2       2       0   .abs_section_2e2
     _ATD0DR10                                  2E4       2       2       0   .abs_section_2e4
     _ATD0DR11                                  2E6       2       2       0   .abs_section_2e6
     _ATD0DR12                                  2E8       2       2       0   .abs_section_2e8
     _ATD0DR13                                  2EA       2       2       0   .abs_section_2ea
     _ATD0DR14                                  2EC       2       2       0   .abs_section_2ec
     _ATD0DR15                                  2EE       2       2       0   .abs_section_2ee
     _VREGAPIR                                  2F4       2       2       0   .abs_section_2f4
     _PWMCNT01                                  30C       2       2       0   .abs_section_30c
     _PWMCNT23                                  30E       2       2       0   .abs_section_30e
     _PWMCNT45                                  310       2       2       0   .abs_section_310
     _PWMCNT67                                  312       2       2       0   .abs_section_312
     _PWMPER01                                  314       2       2       0   .abs_section_314
     _PWMPER23                                  316       2       2       0   .abs_section_316
     _PWMPER45                                  318       2       2       0   .abs_section_318
     _PWMPER67                                  31A       2       2       0   .abs_section_31a
     _PWMDTY01                                  31C       2       2       0   .abs_section_31c
     _PWMDTY23                                  31E       2       2       0   .abs_section_31e
     _PWMDTY45                                  320       2       2       0   .abs_section_320
     _PWMDTY67                                  322       2       2       0   .abs_section_322
     _PITLD0                                    348       2       2       0   .abs_section_348
     _PITCNT0                                   34A       2       2       0   .abs_section_34a
     _PITLD1                                    34C       2       2       0   .abs_section_34c
     _PITCNT1                                   34E       2       2       0   .abs_section_34e
     _PITLD2                                    350       2       2       0   .abs_section_350
     _PITCNT2                                   352       2       2       0   .abs_section_352
     _PITLD3                                    354       2       2       0   .abs_section_354
     _PITCNT3                                   356       2       2       0   .abs_section_356
MODULE:                 -- Dflash.c.o --
- PROCEDURES:
     DFlash_Init                             FE8000      13      19       4   .text       
     DFlash_Write                            FE8013      51      81      10   .text       
     DFlash_Read                             FE8064      23      35       2   .text       
     DFlash_Erase                            FE8087      3C      60       2   .text       
- VARIABLES:
MODULE:                 -- Display.c.o --
- PROCEDURES:
     PrintLCD                                FE80C3      40      64      20   .text       
     SetRealCursor                           FE8103       F      15      12   .text       
     GetRealCursor                           FE8112       4       4       4   .text       
     PrintStringsToLCD                       FE8116      53      83      12   .text       
     InitDisplay                             FE8169      14      20       8   .text       
     CursorMoveDown                          FE817D      4D      77      12   .text       
     CursorMoveUp                            FE81CA      54      84      12   .text       
     PageUp                                  FE821E      5D      93       6   .text       
     PageDown                                FE827B      5D      93       6   .text       
     ResumeDisplay                           FE82D8      28      40      10   .text       
- VARIABLES:
     STRING....1                               C021       3       3       1   .rodata1    
MODULE:                 -- FAT.c.o --
- PROCEDURES:
     FAT32_ReadSector                        FE8300      21      33      50   .text       
     FAT32_WriteSector                       FE8321      21      33      24   .text       
     LE2BE                                   FE8342      49      73      38   .text       
     L2U                                     FE838B      10      16      10   .text       
     FAT32_Find_DBR                          FE839B      2A      42       2   .text       
     FAT32_Get_Total_Size                    FE83C5      40      64       2   .text       
     Search_Last_Usable_Cluster              FE8405      22      34       4   .text       
     FAT32_Init                              FE8427      D7     215       6   .text       
     FAT32_Get_Remain_Cap                    FE84FE      68     104       2   .text       
     FAT32_Update_FSInfo_Free_Clu            FE8566      8E     142       4   .text       
     FAT32_Update_FSInfo_Last_Clu            FE85F4      4B      75       4   .text       
     FAT32_GetNextCluster                    FE863F      38      56      14   .text       
     Compare_Dir_Name                        FE8677      26      38       2   .text       
     FilenameMatch                           FE869D      78     120       2   .text       
     FAT32_toFileName                        FE8715      88     136       4   .text       
     Str2Up                                  FE879D      24      36       4   .text       
     FAT32_Enter_Dir                         FE87C1     1EB     491       9   .text       
     FAT32_Open_File                         FE89AC     287     647      19   .text       
     FAT32_Seek_File                         FE8C33     433    1075      38   .text       
     FAT32_Read_File                         FE9066     419    1049      49   .text       
     FAT32_Find_Free_Clust                   FE947F      E5     229      13   .text       
     Fill_Rec_Inf                            FE9564     19E     414      21   .text       
     FAT32_Modify_FAT                        FE9702     11D     285      20   .text       
     FAT32_Empty_Cluster                     FE981F      91     145       2   .text       
     FAT32_Create_Rec                        FE98B0     3D5     981      37   .text       
     FAT32_Add_Dat                           FE9C85     58E    1422      67   .text       
     FAT32_Create_Dir                        FEA213      33      51       2   .text       
     FAT32_Create_File                       FEA246      47      71       2   .text       
     FAT32_Del_File                          FEA28D      C3     195       5   .text       
     FAT32_FINDFILES                         FEA350     14D     333       5   .text       
- VARIABLES:
     STRING...1                                C024       2       2       1   .rodata1    
     STRING....2                               C026       3       3       1   .rodata1    
     temp_rec                                  23F3      20      32      16   .common     
     temp_dir_name                             2413      14      20       7   .common     
     temp_file_name                            2427      14      20       5   .common     
     temp_dir_cluster                          243B       4       4       8   .common     
     temp_last_cluster                         243F       4       4       6   .common     
     pRS                                       2443       3       3       3   .common     
     pWS                                       2446       3       3       3   .common     
     fi                                        2449      3B      59      10   .common     
     FAT32_Buffer                              2484     200     512      84   .common     
MODULE:                 -- FileAccess.c.o --
- PROCEDURES:
     Open                                    FEA49D      31      49       6   .text       
     ReadOneByteFromFile                     FEA4CE      1A      26       2   .text       
     ReadBytesFromFile                       FEA4E8      1A      26       2   .text       
     WriteOneByteToFile                      FEA502      14      20       4   .text       
     WriteBytesToFile                        FEA516      14      20       6   .text       
     DeleteFile                              FEA52A       5       5       2   .text       
- VARIABLES:
MODULE:                 -- generalFunction.cpp.o --
- PROCEDURES:
     Delay_us                                FEA52F      13      19       2   .text       
     Delay_ms                                FEA542      3F      63      24   .text       
     init2DArray                             FEA581      49      73      12   .text       
     free2DArray                             FEA5CA      35      53      16   .text       
     itoa                                    FEA5FF      D9     217       7   .text       
     f32toi16                                FEA6D8      11      17       8   .text       
     i16tof32                                FEA6E9       F      15       8   .text       
- VARIABLES:
MODULE:                 -- GetContent.c.o --
- PROCEDURES:
     getConstData                            FEA6F8      82     130       4   .text       
     setConstData                            FEA77A      B0     176       2   .text       
     initSDFAT                               FEA82A      3E      62      10   .text       
     getString                               FEA868      A9     169       4   .text       
     getParameter                            FEA911      DB     219       7   .text       
     setParameter                            FEA9EC     135     309       5   .text       
     getBackupFiles                          FEAB21      18      24       2   .text       
     getLogFiles                             FEAB39      18      24       2   .text       
- VARIABLES:
     STRING.SD.............1                   C029       F      15       1   .rodata1    
     STRING..............2                     C038       D      13       1   .rodata1    
     STRING..............3                     C045       D      13       1   .rodata1    
     STRING....................4               C052      13      19       1   .rodata1    
     STRING.SD.............5                   C065       F      15       1   .rodata1    
     STRING..............6                     C074       D      13       1   .rodata1    
     STRING..............7                     C081       D      13       1   .rodata1    
     STRING..................8                 C08E      11      17       1   .rodata1    
     STRING...9                                C09F       2       2       1   .rodata1    
     STRING..backup..10                        C0A1       9       9       1   .rodata1    
     STRING..log..11                           C0AA       6       6       1   .rodata1    
     Init_Arg_SD                               2684      1E      30       1   .common     
     pArg                                      26A2       2       2     123   .common     
     buf                                       26A4      28      40       5   .common     
     file                                      26CC      3B      59      12   .common     
MODULE:                 -- GPIO.c.o --
- PROCEDURES:
     GPPort_Set                              FEAB51      A1     161      28   .text       
     ABEK_Bit                                FEABF2      23      35       2   .text       
     ADEK_AddrChg                            FEAC15      39      57       2   .text       
- VARIABLES:
MODULE:                 -- isr.c.o --
- PROCEDURES:
     isr_default                               C1C6       5       5     116   NON_BANKED  
     isr_KeyboardInterrupt                     C1CB       9       9       1   NON_BANKED  
- VARIABLES:
     _InterruptVectorTable                     FF10      EA     234       0   .abs_section_ff10
MODULE:                 -- keyboard.c.o --
- PROCEDURES:
     InitKeyboard                            FEAC4E      60      96       4   .text       
     EnableKeyboard                          FEACAE       6       6       2   .text       
     KeyboardProcess                         FEACB4      E7     231       2   .text       
- VARIABLES:
MODULE:                 -- LCD.c.o --
- PROCEDURES:
     CheckBusy                               FEAD9B      25      37       4   .text       
     LCD_WriteReg                            FEADC0      25      37      10   .text       
     LCD_WriteData                           FEADE5      25      37       8   .text       
     InitGpio                                FEAE0A      22      34       2   .text       
     LCD_Init                                FEAE2C      32      50       2   .text       
     SetDisplayPosition                      FEAE5E      2D      45       8   .text       
     ClearScreen                             FEAE8B       E      14      10   .text       
- VARIABLES:
MODULE:                 -- main.c.o --
- PROCEDURES:
     main                                    FEAE99      1D      29       2   .text       
- VARIABLES:
     keyValue                                  2340       2       2      25   .data       
     Dev_No                                    23EC       1       1       4   .bss        
MODULE:                 -- menu.c.o --
- PROCEDURES:
     CheckValue                              FEAEB6      4D      77      10   .text       
     ValueEdit                               FEAF03      7C     124       4   .text       
     TextInput                               FEAF7F     1C4     452      48   .text       
     ShowMessage                             FEB143      49      73      22   .text       
- VARIABLES:
     STRING.Origin...1                         C0B0       9       9       1   .rodata1    
     STRING.Modify.to...2                      C0B9       C      12       1   .rodata1    
     STRING.ERROR.3                            C0C5       6       6       1   .rodata1    
     CursorLine                                23ED       2       2       2   .bss        
MODULE:                 -- SD.c.o --
- PROCEDURES:
     SCI_Init                                FEB18C       B      11       2   .text       
     InitPorts                               FEB197       9       9       2   .text       
     SetBusCLK_16M                           FEB1A0      1A      26       2   .text       
     Init_Dev                                FEB1BA       D      13       2   .text       
     SPI_RdWr_Byte                           FEB1C7      11      17      14   .text       
     SPI_High_Rate                           FEB1D8       5       5       2   .text       
     SD_Init                                 FEB1DD      1C      28       2   .text       
     SD_Send_Cmd                             FEB1F9      50      80      12   .text       
     SD_Reset                                FEB249      67     103       2   .text       
     Wt_Block                                FEB2B0      79     121       3   .text       
     Rd_Block                                FEB329      56      86       3   .text       
- VARIABLES:
MODULE:                 -- Start12.c.o --
- PROCEDURES:
     Init                                    FEB37F      29      41       2   .text       
     _Startup                                  C000       F      15       0   .init       
- VARIABLES:
     _startupData                              C00F       6       6       3   .startData  
- LABELS:
     __SEG_END_SSTACK                          2340       0       0       1               
MODULE:                 -- CTYPE.C.o (ansixb.lib) --
- PROCEDURES:
     isdigit                                 FEB3A8       E      14       4   .text       
     isspace                                 FEB3B6      17      23       6   .text       
     toupper                                 FEB3CD      14      20       6   .text       
- VARIABLES:
MODULE:                 -- HEAP.C.o (ansixb.lib) --
- PROCEDURES:
     _heapcrash_                             FEB3E1       C      12       6   .text       
- VARIABLES:
     _heap_                                    382F     7D0    2000       2   HEAP_SEGMENT
MODULE:                 -- MATH.C.o (ansixb.lib) --
- PROCEDURES:
     copysign                                FEB3ED      16      22       2   .text       
     fabs                                    FEB403      10      16       8   .text       
     isint                                   FEB413      32      50       2   .text       
     is_special                              FEB445      39      57       4   .text       
     pow_i                                   FEB47E      A8     168       2   .text       
     exp_r                                   FEB526     1C7     455       6   .text       
     log_r                                   FEB6ED     17E     382       3   .text       
     pow                                     FEB86B     163     355       5   .text       
- VARIABLES:
     infinity                                  C019       4       4       8   .rodata     
     nan_union                                 C01D       4       4       2   .rodata     
MODULE:                 -- STDLIB.C.o (ansixb.lib) --
- PROCEDURES:
     CheckCharWithBase                       FEB9CE      3A      58       2   .text       
     _strtoul                                FEBA08     15C     348      10   .text       
     _strtol                                 FEBB64      D2     210       4   .text       
     strtol                                  FEBC36      14      20       2   .text       
     _strtod                                 FEBC4A     385     901      26   .text       
     strtod                                  FEBFCF      11      17       4   .text       
- VARIABLES:
MODULE:                 -- STRING.C.o (ansixb.lib) --
- PROCEDURES:
     strlen                                  FEBFE0      13      19      28   .text       
     strcat                                  FC8000      19      25      20   PAGE_FC_292 
     strcpy                                  FC8019       D      13      38   PAGE_FC_292 
     strcmp                                  FC8026      19      25       4   PAGE_FC_292 
     strchr                                  FC803F      1D      29       2   PAGE_FC_292 
- VARIABLES:
MODULE:                 -- ALLOC.C.o (ansixb.lib) --
- PROCEDURES:
     malloc                                  FC805C      A6     166      16   PAGE_FC_292 
     free                                    FC8102      C6     198      27   PAGE_FC_292 
- VARIABLES:
     heap_end                                  23EF       2       2       3   .bss        
     free_ptr                                  23F1       2       2       8   .bss        
MODULE:                 -- DANSI.C.o (ansixb.lib) --
- PROCEDURES:
     modf                                      C1D4       3       3       1   NON_BANKED  
     frexp                                     C1D7       3       3       1   NON_BANKED  
     ldexp                                     C1DA       3       3       3   NON_BANKED  
- VARIABLES:
MODULE:                 -- FADD.C.o (ansixb.lib) --
- PROCEDURES:
     F_ADDKL                                   C1DD      5E      94       1   NON_BANKED  
     _FADD                                     C23B      15      21      21   NON_BANKED  
     _FSUB                                     C250      13      19       8   NON_BANKED  
     _FNEG                                     C263       B      11       3   NON_BANKED  
- VARIABLES:
MODULE:                 -- FANSI.C.o (ansixb.lib) --
- PROCEDURES:
     F_MODF                                    C26E      38      56       1   NON_BANKED  
     F_FREXP                                   C2A6      1F      31       1   NON_BANKED  
     F_LDEXP                                   C2C5      15      21       1   NON_BANKED  
     modff                                     C2DA      18      24       1   NON_BANKED  
     frexpf                                    C2F2      19      25       1   NON_BANKED  
     RetErrDom                                 C30B       D      13       1   NON_BANKED  
     ldexpf                                    C318      1E      30       1   NON_BANKED  
- VARIABLES:
MODULE:                 -- FCMP.C.o (ansixb.lib) --
- PROCEDURES:
     _FCMP                                     C336      26      38      12   NON_BANKED  
- VARIABLES:
MODULE:                 -- FCONV.C.o (ansixb.lib) --
- PROCEDURES:
     F_TOLONGK                                 C35C      32      50       1   NON_BANKED  
     F_FRLONGK                                 C38E      1E      30       1   NON_BANKED  
     _FSFLOAT                                  C3AC      12      18       7   NON_BANKED  
     _FSTRUNC                                  C3BE      11      17       4   NON_BANKED  
- VARIABLES:
MODULE:                 -- FMUL.C.o (ansixb.lib) --
- PROCEDURES:
     F_DIVKL                                   C3CF      84     132       1   NON_BANKED  
     F_MULKL                                   C453      57      87       1   NON_BANKED  
     _FMUL                                     C4AA      14      20      25   NON_BANKED  
     _FDIV                                     C4BE      1E      30       9   NON_BANKED  
- VARIABLES:
MODULE:                 -- FREGS.C.o (ansixb.lib) --
- PROCEDURES:
     F_PULK                                    C4DC      15      21       4   NON_BANKED  
     F_PULL                                    C4F1      15      21       6   NON_BANKED  
     F_PSHK                                    C506      13      19       7   NON_BANKED  
     F_STAL                                    C519      17      23       1   NON_BANKED  
     F_TLK                                     C530       D      13       3   NON_BANKED  
     F_XGKL                                    C53D      21      33       2   NON_BANKED  
     F_CLRK                                    C55E       B      11       3   NON_BANKED  
     F_CLRL                                    C569       C      12       1   NON_BANKED  
     F_MAXK                                    C575       9       9       2   NON_BANKED  
     F_NORMK                                   C57E      37      55       5   NON_BANKED  
- VARIABLES:
MODULE:                 -- rtshc12.c.o (ansixb.lib) --
- PROCEDURES:
     _BSHL                                     C5B5       8       8       4   NON_BANKED  
     _ISHRU                                    C5BD       B      11       1   NON_BANKED  
     _LSHL                                     C5C8       D      13       4   NON_BANKED  
     _LSHRU                                    C5D5       E      14       3   NON_BANKED  
     _LCMP                                     C5E3       A      10      20   NON_BANKED  
     _LNEG                                     C5ED       9       9       3   NON_BANKED  
     _LINC                                     C5F6       5       5      28   NON_BANKED  
     _LDEC                                     C5FB       8       8       8   NON_BANKED  
     _LMUL                                     C603      27      39      34   NON_BANKED  
     _LMULU16x32                               C62A       F      15       2   NON_BANKED  
     _LMULS16x32                               C639      1C      28       1   NON_BANKED  
     _lDivMod                                  C655      B9     185       6   NON_BANKED  
     _LDIVU                                    C70E       E      14      13   NON_BANKED  
     _NEG_P                                    C71C       C      12       8   NON_BANKED  
     _LDIVS                                    C728      35      53       1   NON_BANKED  
     _LMODU                                    C75D      11      17       9   NON_BANKED  
     _LMODS                                    C76E      2A      42       1   NON_BANKED  
     _CASE_DIRECT_BYTE                         C798       5       5       1   NON_BANKED  
     _CASE_CHECKED                             C79D       B      11       1   NON_BANKED  
     _CASE_CHECKED_BYTE                        C7A8      14      20       7   NON_BANKED  
     _CASE_SEARCH_8                            C7BC      17      23       2   NON_BANKED  
     _CASE_SEARCH_8_BYTE                       C7D3      1A      26       3   NON_BANKED  
- VARIABLES:
     errno                                     2707       2       2       7   .common     
MODULE:                 -- VREGS.C.o (ansixb.lib) --
- PROCEDURES:
     L_NEGK                                    C7ED       7       7       2   NON_BANKED  
     L_PSHK                                    C7F4       8       8       1   NON_BANKED  
     SL_PULK                                   C7FC       A      10       1   NON_BANKED  
- VARIABLES:
MODULE:                 -- MainMenu.c.o --
- PROCEDURES:
     ShowMainMenu                            FC81C8      7F     127       2   PAGE_FC_292 
- VARIABLES:
     MainStr                                   2342      44      68       1   .data       
MODULE:                 -- ParaMenu.c.o --
- PROCEDURES:
     ParaMenu                                FC8247     17E     382      17   PAGE_FC_292 
- VARIABLES:
     STRING..debug.txt.1                       C0CB       B      11       2   .rodata1    
     STRING..backup..2                         C0D6       9       9       1   .rodata1    
     STRING..txt.3                             C0DF       5       5       1   .rodata1    
     names                                     2709     352     850       7   .common     
     values                                    2A5B     352     850       8   .common     
     filename                                  2DAD      28      40      10   .common     
MODULE:                 -- BackupMenu.c.o --
- PROCEDURES:
     BacklistMenu                            FC83C5      E7     231      11   PAGE_FC_292 
     BackfileOpen                            FC84AC     139     313       7   PAGE_FC_292 
- VARIABLES:
[...]
 |     |  |  |  |  
 |     |  |  |  +- PrintLCD             (see above)
 |     |  |  |  |  
 |     |  |  |  +- Delay_ms             (see above)
 |     |  |  |     
 |     |  |  +- Open                
 |     |  |  |  | 
 |     |  |  |  +- FAT32_Open_File     
 |     |  |  |  |  | 
 |     |  |  |  |  +- FAT32_Enter_Dir     
 |     |  |  |  |  |  | 
 |     |  |  |  |  |  +- _LMUL                (see above)
 |     |  |  |  |  |  |  
 |     |  |  |  |  |  +- FAT32_ReadSector     (see above)
 |     |  |  |  |  |  |  
 |     |  |  |  |  |  +- Compare_Dir_Name    
 |     |  |  |  |  |  |    
 |     |  |  |  |  |  +- LE2BE                (see above)
 |     |  |  |  |  |  |  
 |     |  |  |  |  |  +- _LINC                (see above)
 |     |  |  |  |  |  |  
 |     |  |  |  |  |  +- FAT32_GetNextCluster
 |     |  |  |  |  |  |  | 
 |     |  |  |  |  |  |  +- _LSHRU              
 |     |  |  |  |  |  |  |    
 |     |  |  |  |  |  |  +- FAT32_ReadSector     (see above)
 |     |  |  |  |  |  |  |  
 |     |  |  |  |  |  |  +- LE2BE                (see above)
 |     |  |  |  |  |  |     
 |     |  |  |  |  |  +- _LCMP                (see above)
 |     |  |  |  |  |  |  
 |     |  |  |  |  |  +- strcpy               (see above)
 |     |  |  |  |  |  |  
 |     |  |  |  |  |  +- L2U                 
 |     |  |  |  |  |  |    
 |     |  |  |  |  |  +- free                 (see above)
 |     |  |  |  |  |     
 |     |  |  |  |  +- _LCMP                (see above)
 |     |  |  |  |  |  
 |     |  |  |  |  +- Str2Up              
 |     |  |  |  |  |  | 
 |     |  |  |  |  |  +- strlen               (see above)
 |     |  |  |  |  |  |  
 |     |  |  |  |  |  +- L2U                  (see above)
 |     |  |  |  |  |     
 |     |  |  |  |  +- _LMUL                (see above)
 |     |  |  |  |  |  
 |     |  |  |  |  +- FAT32_ReadSector     (see above)
 |     |  |  |  |  |  
 |     |  |  |  |  +- FAT32_toFileName    
 |     |  |  |  |  |  | 
 |     |  |  |  |  |  +- L2U                  (see above)
 |     |  |  |  |  |     
 |     |  |  |  |  +- FilenameMatch       
 |     |  |  |  |  |  | 
 |     |  |  |  |  |  +- strchr              
 |     |  |  |  |  |       
 |     |  |  |  |  +- LE2BE                (see above)
 |     |  |  |  |  |  
 |     |  |  |  |  +- strcpy               (see above)
 |     |  |  |  |  |  
 |     |  |  |  |  +- _LINC                (see above)
 |     |  |  |  |  |  
 |     |  |  |  |  +- FAT32_GetNextCluster (see above)
 |     |  |  |  |  |  
 |     |  |  |  |  +- free                 (see above)
 |     |  |  |  |     
 |     |  |  |  +- FAT32_Del_File      
 |     |  |  |  |  | 
 |     |  |  |  |  +- FAT32_Open_File      (see above)
 |     |  |  |  |  |  
 |     |  |  |  |  +- FAT32_ReadSector     (see above)
 |     |  |  |  |  |  
 |     |  |  |  |  +- FAT32_WriteSector   
 |     |  |  |  |  |  | 
 |     |  |  |  |  |  +- Wt_Block            
 |     |  |  |  |  |     | 
 |     |  |  |  |  |     +- _LSHL                (see above)
 |     |  |  |  |  |     |  
 |     |  |  |  |  |     +- SD_Send_Cmd          (see above)
 |     |  |  |  |  |     |  
 |     |  |  |  |  |     +- SPI_RdWr_Byte        (see above)
 |     |  |  |  |  |        
 |     |  |  |  |  +- Search_Last_Usable_Cluster (see above)
 |     |  |  |  |  |  
 |     |  |  |  |  +- FAT32_Update_FSInfo_Last_Clu
 |     |  |  |  |  |  | 
 |     |  |  |  |  |  +- FAT32_ReadSector     (see above)
 |     |  |  |  |  |  |  
 |     |  |  |  |  |  +- FAT32_WriteSector    (see above)
 |     |  |  |  |  |     
 |     |  |  |  |  +- FAT32_Modify_FAT    
 |     |  |  |  |  |  | 
 |     |  |  |  |  |  +- _LSHL                (see above)
 |     |  |  |  |  |  |  
 |     |  |  |  |  |  +- _LDIVU              
 |     |  |  |  |  |  |  | 
 |     |  |  |  |  |  |  +- _lDivMod             (see above)
 |     |  |  |  |  |  |     
 |     |  |  |  |  |  +- FAT32_ReadSector     (see above)
 |     |  |  |  |  |  |  
 |     |  |  |  |  |  +- _LMODU              
 |     |  |  |  |  |  |  | 
 |     |  |  |  |  |  |  +- _lDivMod             (see above)
 |     |  |  |  |  |  |     
 |     |  |  |  |  |  +- FAT32_WriteSector    (see above)
 |     |  |  |  |  |     
 |     |  |  |  |  +- FAT32_GetNextCluster (see above)
 |     |  |  |  |  |  
 |     |  |  |  |  +- FAT32_Update_FSInfo_Free_Clu
 |     |  |  |  |     | 
 |     |  |  |  |     +- FAT32_ReadSector     (see above)
 |     |  |  |  |     |  
 |     |  |  |  |     +- _LMUL                (see above)
 |     |  |  |  |     |  
 |     |  |  |  |     +- FAT32_Get_Remain_Cap
 |     |  |  |  |     |  | 
 |     |  |  |  |     |  +- FAT32_ReadSector     (see above)
 |     |  |  |  |     |  |  
 |     |  |  |  |     |  +- LE2BE                (see above)
 |     |  |  |  |     |  |  
 |     |  |  |  |     |  +- _LMUL                (see above)
 |     |  |  |  |     |     
 |     |  |  |  |     +- _LDIVU               (see above)
 |     |  |  |  |     |  
 |     |  |  |  |     +- _LINC                (see above)
 |     |  |  |  |     |  
 |     |  |  |  |     +- _LDEC                (see above)
 |     |  |  |  |     |  
 |     |  |  |  |     +- FAT32_WriteSector    (see above)
 |     |  |  |  |        
 |     |  |  |  +- FAT32_Create_File   
 |     |  |  |     | 
 |     |  |  |     +- FAT32_Open_File      (see above)
 |     |  |  |     |  
 |     |  |  |     +- FAT32_Create_Dir    
 |     |  |  |     |  | 
 |     |  |  |     |  +- FAT32_Create_Rec    
 |     |  |  |     |  |  | 
 |     |  |  |     |  |  +- Fill_Rec_Inf        
 |     |  |  |     |  |  |  | 
 |     |  |  |     |  |  |  +- strlen               (see above)
 |     |  |  |     |  |  |  |  
 |     |  |  |     |  |  |  +- L2U                  (see above)
 |     |  |  |     |  |  |     
 |     |  |  |     |  |  +- _LMUL                (see above)
 |     |  |  |     |  |  |  
 |     |  |  |     |  |  +- FAT32_WriteSector    (see above)
 |     |  |  |     |  |  |  
 |     |  |  |     |  |  +- _LINC                (see above)
 |     |  |  |     |  |  |  
 |     |  |  |     |  |  +- FAT32_GetNextCluster (see above)
 |     |  |  |     |  |  |  
 |     |  |  |     |  |  +- _LCMP                (see above)
 |     |  |  |     |  |  |  
 |     |  |  |     |  |  +- FAT32_Find_Free_Clust
 |     |  |  |     |  |  |  | 
 |     |  |  |     |  |  |  +- _LSHRU               (see above)
 |     |  |  |     |  |  |  |  
 |     |  |  |     |  |  |  +- FAT32_ReadSector     (see above)
 |     |  |  |     |  |  |  |  
 |     |  |  |     |  |  |  +- LE2BE                (see above)
 |     |  |  |     |  |  |  |  
 |     |  |  |     |  |  |  +- _LCMP                (see above)
 |     |  |  |     |  |  |  |  
 |     |  |  |     |  |  |  +- FAT32_Update_FSInfo_Free_Clu (see above)
 |     |  |  |     |  |  |  |  
 |     |  |  |     |  |  |  +- FAT32_Update_FSInfo_Last_Clu (see above)
 |     |  |  |     |  |  |  |  
 |     |  |  |     |  |  |  +- _LINC                (see above)
 |     |  |  |     |  |  |  |  
 |     |  |  |     |  |  |  +- _LSHL                (see above)
 |     |  |  |     |  |  |     
 |     |  |  |     |  |  +- FAT32_Modify_FAT     (see above)
 |     |  |  |     |  |  |  
 |     |  |  |     |  |  +- FAT32_ReadSector     (see above)
 |     |  |  |     |  |  |  
 |     |  |  |     |  |  +- FAT32_Empty_Cluster 
 |     |  |  |     |  |  |  | 
 |     |  |  |     |  |  |  +- _LMUL                (see above)
 |     |  |  |     |  |  |  |  
 |     |  |  |     |  |  |  +- FAT32_WriteSector    (see above)
 |     |  |  |     |  |  |  |  
 |     |  |  |     |  |  |  +- _LINC                (see above)
 |     |  |  |     |  |  |     
 |     |  |  |     |  |  +- strcpy               (see above)
 |     |  |  |     |  |  |  
 |     |  |  |     |  |  +- free                 (see above)
 |     |  |  |     |  |     
 |     |  |  |     |  +- FAT32_Enter_Dir      (see above)
 |     |  |  |     |  |  
 |     |  |  |     |  +- _LCMP                (see above)
 |     |  |  |     |     
 |     |  |  |     +- FAT32_Create_Rec     (see above)
 |     |  |  |        
 |     |  |  +- WriteOneByteToFile  
 |     |  |  |  | 
 |     |  |  |  +- FAT32_Add_Dat       
 |     |  |  |     | 
 |     |  |  |     +- FAT32_ReadSector     (see above)
 |     |  |  |     |  
 |     |  |  |     +- LE2BE                (see above)
 |     |  |  |     |  
 |     |  |  |     +- FAT32_Modify_FAT     (see above)
 |     |  |  |     |  
 |     |  |  |     +- _LMUL                (see above)
 |     |  |  |     |  
 |     |  |  |     +- _LMODU               (see above)
 |     |  |  |     |  
 |     |  |  |     +- _LCMP                (see above)
 |     |  |  |     |  
 |     |  |  |     +- _LDEC                (see above)
 |     |  |  |     |  
 |     |  |  |     +- FAT32_Seek_File     
 |     |  |  |     |  | 
 |     |  |  |     |  +- _LMODU               (see above)
 |     |  |  |     |  |  
 |     |  |  |     |  +- _LMUL                (see above)
 |     |  |  |     |  |  
 |     |  |  |     |  +- _LCMP                (see above)
 |     |  |  |     |  |  
 |     |  |  |     |  +- _LDEC                (see above)
 |     |  |  |     |  |  
 |     |  |  |     |  +- _LINC                (see above)
 |     |  |  |     |  |  
 |     |  |  |     |  +- _LDIVU               (see above)
 |     |  |  |     |  |  
 |     |  |  |     |  +- FAT32_GetNextCluster (see above)
 |     |  |  |     |     
 |     |  |  |     +- FAT32_Find_Free_Clust (see above)
 |     |  |  |     |  
 |     |  |  |     +- FAT32_WriteSector    (see above)
 |     |  |  |     |  
 |     |  |  |     +- _LINC                (see above)
 |     |  |  |     |  
 |     |  |  |     +- _LDIVU               (see above)
 |     |  |  |     |  
 |     |  |  |     +- free                 (see above)
 |     |  |  |        
 |     |  |  +- WriteBytesToFile    
 |     |  |  |  | 
 |     |  |  |  +- FAT32_Add_Dat        (see above)
 |     |  |  |     
 |     |  |  +- strlen               (see above)
 |     |  |  |  
 |     |  |  +- strcpy               (see above)
 |     |  |  |  
 |     |  |  +- strcat               (see above)
 |     |  |     
 |     |  +- getParameter        
 |     |     | 
 |     |     +- initSDFAT            (see above)
 |     |     |  
 |     |     +- ShowMessage          (see above)
 |     |     |  
 |     |     +- Open                 (see above)
 |     |     |  
 |     |     +- ReadBytesFromFile   
 |     |     |  | 
 |     |     |  +- FAT32_Read_File     
 |     |     |     | 
 |     |     |     +- FAT32_Seek_File      (see above)
 |     |     |     |  
 |     |     |     +- FAT32_ReadSector     (see above)
 |     |     |     |  
 |     |     |     +- _LMUL                (see above)
 |     |     |     |  
 |     |     |     +- _LDEC                (see above)
 |     |     |     |  
 |     |     |     +- _LCMP                (see above)
 |     |     |     |  
 |     |     |     +- _LDIVU               (see above)
 |     |     |     |  
 |     |     |     +- _LINC                (see above)
 |     |     |     |  
 |     |     |     +- _LMODU               (see above)
 |     |     |     |  
 |     |     |     +- FAT32_GetNextCluster (see above)
 |     |     |        
 |     |     +- getString           
 |     |        | 
 |     |        +- ReadOneByteFromFile 
 |     |        |  | 
 |     |        |  +- FAT32_Read_File      (see above)
 |     |        |     
 |     |        +- _LINC                (see above)
 |     |           
 |     +- ComMenu             
 |     |  | 
 |     |  +- malloc               (see above)
 |     |  |  
 |     |  +- init2DArray          (see above)
 |     |  |  
 |     |  +- InitDisplay          (see above)
 |     |  |  
 |     |  +- _CASE_SEARCH_8      
 |     |  |    
 |     |  +- CursorMoveUp         (see above)
 |     |  |  
 |     |  +- CursorMoveDown       (see above)
 |     |  |  
 |     |  +- free2DArray          (see above)
 |     |  |  
 |     |  +- free                 (see above)
 |     |  |  
 |     |  +- SendPara            
 |     |  |  | 
 |     |  |  +- getParameter         (see above)
 |     |  |  |  
 |     |  |  +- MCUInit              (see above)
 |     |  |  |  
 |     |  |  +- SCIInit             
 |     |  |  |    
 |     |  |  +- SCISend1            
 |     |  |  |    
 |     |  |  +- strlen               (see above)
 |     |  |  |  
 |     |  |  +- SCISendN            
 |     |  |  |  | 
 |     |  |  |  +- SCISend1             (see above)
 |     |  |  |     
 |     |  |  +- ShowMessage          (see above)
 |     |  |     
 |     |  +- ReceiveLog          
 |     |  |  | 
 |     |  |  +- ShowMessage          (see above)
 |     |  |  |  
 |     |  |  +- getLogFiles         
 |     |  |  |  | 
 |     |  |  |  +- initSDFAT            (see above)
 |     |  |  |  |  
 |     |  |  |  +- FAT32_FINDFILES     
 |     |  |  |     | 
 |     |  |  |     +- FAT32_Enter_Dir      (see above)
 |     |  |  |     |  
 |     |  |  |     +- _LCMP                (see above)
 |     |  |  |     |  
 |     |  |  |     +- Str2Up               (see above)
 |     |  |  |     |  
 |     |  |  |     +- _LMUL                (see above)
 |     |  |  |     |  
 |     |  |  |     +- FAT32_ReadSector     (see above)
 |     |  |  |     |  
 |     |  |  |     +- FAT32_toFileName     (see above)
 |     |  |  |     |  
 |     |  |  |     +- _LINC                (see above)
 |     |  |  |     |  
 |     |  |  |     +- strcpy               (see above)
 |     |  |  |     |  
 |     |  |  |     +- free                 (see above)
 |     |  |  |     |  
 |     |  |  |     +- FAT32_GetNextCluster (see above)
 |     |  |  |        
 |     |  |  +- strcpy               (see above)
 |     |  |  |  
 |     |  |  +- getMaxString        
 |     |  |  |  | 
 |     |  |  |  +- strcpy               (see above)
 |     |  |  |  |  
 |     |  |  |  +- strcmp               (see above)
 |     |  |  |     
 |     |  |  +- dropFilenamePost    
 |     |  |  |    
 |     |  |  +- FilenameInc         
 |     |  |  |  | 
 |     |  |  |  +- strtol              
 |     |  |  |  |  | 
 |     |  |  |  |  +- _strtol             
 |     |  |  |  |     | 
 |     |  |  |  |     +- isspace              (see above)
 |     |  |  |  |     |  
 |     |  |  |  |     +- isdigit              (see above)
 |     |  |  |  |     |  
 |     |  |  |  |     +- _strtoul            
 |     |  |  |  |     |  | 
 |     |  |  |  |     |  +- isspace              (see above)
 |     |  |  |  |     |  |  
 |     |  |  |  |     |  +- _LDIVU               (see above)
 |     |  |  |  |     |  |  
 |     |  |  |  |     |  +- _LMULS16x32         
 |     |  |  |  |     |  |  | 
 |     |  |  |  |     |  |  +- _LNEG                (see above)
 |     |  |  |  |     |  |     
 |     |  |  |  |     |  +- CheckCharWithBase   
 |     |  |  |  |     |  |  | 
 |     |  |  |  |     |  |  +- toupper              (see above)
 |     |  |  |  |     |  |     
 |     |  |  |  |     |  +- toupper              (see above)
 |     |  |  |  |     |     
 |     |  |  |  |     +- _LNEG                (see above)
 |     |  |  |  |        
 |     |  |  |  +- itoa                 (see above)
 |     |  |  |  |  
 |     |  |  |  +- strlen               (see above)
 |     |  |  |  |  
 |     |  |  |  +- insertZero           (see above)
 |     |  |  |     
 |     |  |  +- strcat               (see above)
 |     |  |  |  
 |     |  |  +- initSDFAT            (see above)
 |     |  |  |  
 |     |  |  +- Open                 (see above)
 |     |  |  |  
 |     |  |  +- MCUInit              (see above)
 |     |  |  |  
 |     |  |  +- SCIInit              (see above)
 |     |  |  |  
 |     |  |  +- SCISend1             (see above)
 |     |  |  |  
 |     |  |  +- WriteBytesToFile     (see above)
 |     |  |  |  
 |     |  |  +- SCIRe1              
 |     |  |       
 |     |  +- ResumeDisplay        (see above)
 |     |     
 |     +- ConstMenu           
 |     |  | 
 |     |  +- malloc               (see above)
 |     |  |  
 |     |  +- getConstData         (see above)
 |     |  |  
 |     |  +- init2DArray          (see above)
 |     |  |  
 |     |  +- InitDisplay          (see above)
 |     |  |  
 |     |  +- _CASE_SEARCH_8       (see above)
 |     |  |  
 |     |  +- CursorMoveUp         (see above)
 |     |  |  
 |     |  +- CursorMoveDown       (see above)
 |     |  |  
 |     |  +- _CASE_CHECKED_BYTE   (see above)
 |     |  |  
 |     |  +- ftoa                 (see above)
 |     |  |  
 |     |  +- setConstData        
 |     |  |  | 
 |     |  |  +- f32toi16            
 |     |  |  |    
 |     |  |  +- DFlash_Init          (see above)
 |     |  |  |  
 |     |  |  +- DFlash_Erase        
 |     |  |  |    
 |     |  |  +- DFlash_Write        
 |     |  |       
 |     |  +- ResumeDisplay        (see above)
 |     |  |  
 |     |  +- free2DArray          (see above)
 |     |  |  
 |     |  +- free                 (see above)
 |     |  |  
 |     |  +- ValueEdit            (see above)
 |     |  |  
 |     |  +- strtod               (see above)
 |     |     
 |     +- BacklistMenu        
 |     |  | 
 |     |  +- malloc               (see above)
 |     |  |  
 |     |  +- getBackupFiles      
 |     |  |  | 
 |     |  |  +- initSDFAT            (see above)
 |     |  |  |  
 |     |  |  +- FAT32_FINDFILES      (see above)
 |     |  |     
 |     |  +- ClearScreen          (see above)
 |     |  |  
 |     |  +- PrintLCD             (see above)
 |     |  |  
 |     |  +- Delay_ms             (see above)
 |     |  |  
 |     |  +- init2DArray          (see above)
 |     |  |  
 |     |  +- ResumeDisplay        (see above)
 |     |  |  
 |     |  +- CursorMoveUp         (see above)
 |     |  |  
 |     |  +- CursorMoveDown       (see above)
 |     |  |  
 |     |  +- PageUp               (see above)
 |     |  |  
 |     |  +- PageDown             (see above)
 |     |  |  
 |     |  +- BackfileOpen        
 |     |  |  | 
 |     |  |  +- malloc               (see above)
 |     |  |  |  
 |     |  |  +- strcpy               (see above)
 |     |  |  |  
 |     |  |  +- strcat               (see above)
 |     |  |  |  
 |     |  |  +- strcatn              (see above)
 |     |  |  |  
 |     |  |  +- init2DArray          (see above)
 |     |  |  |  
 |     |  |  +- InitDisplay          (see above)
 |     |  |  |  
 |     |  |  +- _CASE_DIRECT_BYTE   
 |     |  |  |    
 |     |  |  +- CursorMoveUp         (see above)
 |     |  |  |  
 |     |  |  +- CursorMoveDown       (see above)
 |     |  |  |  
 |     |  |  +- PageUp               (see above)
 |     |  |  |  
 |     |  |  +- PageDown             (see above)
 |     |  |  |  
 |     |  |  +- free2DArray          (see above)
 |     |  |  |  
 |     |  |  +- free                 (see above)
 |     |  |  |  
 |     |  |  +- ShowMessage          (see above)
 |     |  |  |  
 |     |  |  +- setParameter         (see above)
 |     |  |  |  
 |     |  |  +- DeleteFile          
 |     |  |  |  | 
 |     |  |  |  +- FAT32_Del_File       (see above)
 |     |  |  |     
 |     |  |  +- getParameter         (see above)
 |     |  |     
 |     |  +- free2DArray          (see above)
 |     |  |  
 |     |  +- free                 (see above)
 |     |     
 |     +- ResumeDisplay        (see above)
 |        
 +- _Startup            
    | 
    +- Init                
    |    
    +- main                 (see above)
       
 _InterruptVectorTable
 | 
 +- isr_default         
 |    
 +- isr_KeyboardInterrupt
    | 
    +- KeyboardProcess     
       | 
       +- Delay_ms             (see above)
       |  
       +- GPPort_Set           (see above)
       |  
       +- Delay_us            
       |    
       +- InitKeyboard         (see above)
          
*********************************************************************************************
STATISTIC SECTION
---------------------------------------------------------------------------------------------

ExeFile:
--------
Number of blocks to be downloaded: 8
Total size of all blocks to be downloaded: 22589

